// Jest Snapshot v1, https://goo.gl/fbAQLP

exports[`thread-message-feed thread-header matches snapshot 1`] = `
<header>
  <h2
    class="title"
  >
    Thread
  </h2>
   
  <button
    class="close-button"
  >
    <span
      class="icon-wrapper"
    >
      <svg
        viewBox="0 0 30.5 30.5"
        xmlns="http://www.w3.org/2000/svg"
      >
        <path
          d="M30,30.5c-0.1,0-0.3,0-0.4-0.1L0.1,0.9C0,0.7,0,0.3,0.1,0.1s0.5-0.2,0.7,0l29.5,29.5c0.2,0.2,0.2,0.5,0,0.7
  C30.3,30.5,30.2,30.5,30,30.5z"
        />
         
        <path
          d="M0.5,30.5c-0.1,0-0.3,0-0.4-0.1c-0.2-0.2-0.2-0.5,0-0.7L29.7,0.1c0.2-0.2,0.5-0.2,0.7,0s0.2,0.5,0,0.7L0.9,30.4
  C0.8,30.5,0.6,30.5,0.5,30.5z"
        />
      </svg>
    </span>
  </button>
</header>
`;
