// Jest Snapshot v1, https://goo.gl/fbAQLP

exports[`loading-spinner matches snapshot 1`] = `
<span
  class="loading-spinner"
>
  <span
    class="loading-spinner-label"
  >
    Loading
  </span>
</span>
`;
